[2026-02-28 16:02:45] production.ERROR: No application encryption key has been specified. {"exception":"[object] (Illuminate\\Encryption\\MissingAppKeyException(code: 0): No application encryption key has been specified. at C:\\Users\\richm\\Downloads\\tonetor-core-booking-system\\tonetor-core-v4.0.2\\tonetor-core-v4.0.2\\bc-cms\\vendor\\laravel\\framework\\src\\Illuminate\\Encryption\\EncryptionServiceProvider.php:83)
[stacktrace]
#0 C:\\Users\\richm\\Downloads\\tonetor-core-booking-system\\tonetor-core-v4.0.2\\tonetor-core-v4.0.2\\bc-cms\\vendor\\laravel\\framework\\src\\Illuminate\\Support\\helpers.php(399): Illuminate\\Encryption\\EncryptionServiceProvider->{closure:Illuminate\\Encryption\\EncryptionServiceProvider::key():81}()
#1 C:\\Users\\richm\\Downloads\\tonetor-core-booking-system\\tonetor-core-v4.0.2\\tonetor-core-v4.0.2\\bc-cms\\vendor\\laravel\\framework\\src\\Illuminate\\Encryption\\EncryptionServiceProvider.php(81): tap()
#2 C:\\Users\\richm\\Downloads\\tonetor-core-booking-system\\tonetor-core-v4.0.2\\tonetor-core-v4.0.2\\bc-cms\\vendor\\laravel\\framework\\src\\Illuminate\\Encryption\\EncryptionServiceProvider.php(64): Illuminate\\Encryption\\EncryptionServiceProvider->key()
#3 C:\\Users\\richm\\Downloads\\tonetor-core-booking-system\\tonetor-core-v4.0.2\\tonetor-core-v4.0.2\\bc-cms\\vendor\\laravel\\framework\\src\\Illuminate\\Encryption\\EncryptionServiceProvider.php(32): Illuminate\\Encryption\\EncryptionServiceProvider->parseKey()
#4 C:\\Users\\richm\\Downloads\\tonetor-core-booking-system\\tonetor-core-v4.0.2\\tonetor-core-v4.0.2\\bc-cms\\vendor\\laravel\\framework\\src\\Illuminate\\Container\\Container.php(1153): Illuminate\\Encryption\\EncryptionServiceProvider->{closure:Illuminate\\Encryption\\EncryptionServiceProvider::registerEncrypter():29}()
#5 C:\\Users\\richm\\Downloads\\tonetor-core-booking-system\\tonetor-core-v4.0.2\\tonetor-core-v4.0.2\\bc-cms\\vendor\\laravel\\framework\\src\\Illuminate\\Container\\Container.php(971): Illuminate\\Container\\Container->build()
#6 C:\\Users\\richm\\Downloads\\tonetor-core-booking-system\\tonetor-core-v4.0.2\\tonetor-core-v4.0.2\\bc-cms\\vendor\\laravel\\framework\\src\\Illuminate\\Foundation\\Application.php(1077): Illuminate\\Container\\Container->resolve()
#7 C:\\Users\\richm\\Downloads\\tonetor-core-booking-system\\tonetor-core-v4.0.2\\tonetor-core-v4.0.2\\bc-cms\\vendor\\laravel\\framework\\src\\Illuminate\\Container\\Container.php(902): Illuminate\\Foundation\\Application->resolve()
#8 C:\\Users\\richm\\Downloads\\tonetor-core-booking-system\\tonetor-core-v4.0.2\\tonetor-core-v4.0.2\\bc-cms\\vendor\\laravel\\framework\\src\\Illuminate\\Foundation\\Application.php(1057): Illuminate\\Container\\Container->make()
#9 C:\\Users\\richm\\Downloads\\tonetor-core-booking-system\\tonetor-core-v4.0.2\\tonetor-core-v4.0.2\\bc-cms\\vendor\\laravel\\framework\\src\\Illuminate\\Container\\Container.php(1822): Illuminate\\Foundation\\Application->make()
#10 C:\\Users\\richm\\Downloads\\tonetor-core-booking-system\\tonetor-core-v4.0.2\\tonetor-core-v4.0.2\\bc-cms\\vendor\\laravel\\framework\\src\\Illuminate\\Session\\SessionManager.php(213): Illuminate\\Container\\Container->offsetGet()
#11 C:\\Users\\richm\\Downloads\\tonetor-core-booking-system\\tonetor-core-v4.0.2\\tonetor-core-v4.0.2\\bc-cms\\vendor\\laravel\\framework\\src\\Illuminate\\Session\\SessionManager.php(193): Illuminate\\Session\\SessionManager->buildEncryptedSession()
#12 C:\\Users\\richm\\Downloads\\tonetor-core-booking-system\\tonetor-core-v4.0.2\\tonetor-core-v4.0.2\\bc-cms\\vendor\\laravel\\framework\\src\\Illuminate\\Session\\SessionManager.php(78): Illuminate\\Session\\SessionManager->buildSession()
#13 C:\\Users\\richm\\Downloads\\tonetor-core-booking-system\\tonetor-core-v4.0.2\\tonetor-core-v4.0.2\\bc-cms\\vendor\\laravel\\framework\\src\\Illuminate\\Session\\SessionManager.php(66): Illuminate\\Session\\SessionManager->createNativeDriver()
#14 C:\\Users\\richm\\Downloads\\tonetor-core-booking-system\\tonetor-core-v4.0.2\\tonetor-core-v4.0.2\\bc-cms\\vendor\\laravel\\framework\\src\\Illuminate\\Support\\Manager.php(101): Illuminate\\Session\\SessionManager->createFileDriver()
#15 C:\\Users\\richm\\Downloads\\tonetor-core-booking-system\\tonetor-core-v4.0.2\\tonetor-core-v4.0.2\\bc-cms\\vendor\\laravel\\framework\\src\\Illuminate\\Support\\Manager.php(78): Illuminate\\Support\\Manager->createDriver()
#16 C:\\Users\\richm\\Downloads\\tonetor-core-booking-system\\tonetor-core-v4.0.2\\tonetor-core-v4.0.2\\bc-cms\\vendor\\laravel\\framework\\src\\Illuminate\\Session\\SessionServiceProvider.php(52): Illuminate\\Support\\Manager->driver()
#17 C:\\Users\\richm\\Downloads\\tonetor-core-booking-system\\tonetor-core-v4.0.2\\tonetor-core-v4.0.2\\bc-cms\\vendor\\laravel\\framework\\src\\Illuminate\\Container\\Container.php(1153): Illuminate\\Session\\SessionServiceProvider->{closure:Illuminate\\Session\\SessionServiceProvider::registerSessionDriver():48}()
#18 C:\\Users\\richm\\Downloads\\tonetor-core-booking-system\\tonetor-core-v4.0.2\\tonetor-core-v4.0.2\\bc-cms\\vendor\\laravel\\framework\\src\\Illuminate\\Container\\Container.php(971): Illuminate\\Container\\Container->build()
#19 C:\\Users\\richm\\Downloads\\tonetor-core-booking-system\\tonetor-core-v4.0.2\\tonetor-core-v4.0.2\\bc-cms\\vendor\\laravel\\framework\\src\\Illuminate\\Foundation\\Application.php(1077): Illuminate\\Container\\Container->resolve()
#20 C:\\Users\\richm\\Downloads\\tonetor-core-booking-system\\tonetor-core-v4.0.2\\tonetor-core-v4.0.2\\bc-cms\\vendor\\laravel\\framework\\src\\Illuminate\\Container\\Container.php(902): Illuminate\\Foundation\\Application->resolve()
#21 C:\\Users\\richm\\Downloads\\tonetor-core-booking-system\\tonetor-core-v4.0.2\\tonetor-core-v4.0.2\\bc-cms\\vendor\\laravel\\framework\\src\\Illuminate\\Foundation\\Application.php(1057): Illuminate\\Container\\Container->make()
#22 C:\\Users\\richm\\Downloads\\tonetor-core-booking-system\\tonetor-core-v4.0.2\\tonetor-core-v4.0.2\\bc-cms\\vendor\\laravel\\framework\\src\\Illuminate\\Container\\Container.php(1822): Illuminate\\Foundation\\Application->make()
#23 C:\\Users\\richm\\Downloads\\tonetor-core-booking-system\\tonetor-core-v4.0.2\\tonetor-core-v4.0.2\\bc-cms\\vendor\\laravel\\framework\\src\\Illuminate\\Auth\\AuthManager.php(127): Illuminate\\Container\\Container->offsetGet()
#24 C:\\Users\\richm\\Downloads\\tonetor-core-booking-system\\tonetor-core-v4.0.2\\tonetor-core-v4.0.2\\bc-cms\\vendor\\laravel\\framework\\src\\Illuminate\\Auth\\AuthManager.php(95): Illuminate\\Auth\\AuthManager->createSessionDriver()
#25 C:\\Users\\richm\\Downloads\\tonetor-core-booking-system\\tonetor-core-v4.0.2\\tonetor-core-v4.0.2\\bc-cms\\vendor\\laravel\\framework\\src\\Illuminate\\Auth\\AuthManager.php(69): Illuminate\\Auth\\AuthManager->resolve()
#26 C:\\Users\\richm\\Downloads\\tonetor-core-booking-system\\tonetor-core-v4.0.2\\tonetor-core-v4.0.2\\bc-cms\\vendor\\laravel\\framework\\src\\Illuminate\\Auth\\AuthManager.php(339): Illuminate\\Auth\\AuthManager->guard()
#27 C:\\Users\\richm\\Downloads\\tonetor-core-booking-system\\tonetor-core-v4.0.2\\tonetor-core-v4.0.2\\bc-cms\\app\\Providers\\AppServiceProvider.php(72): Illuminate\\Auth\\AuthManager->__call()
#28 C:\\Users\\richm\\Downloads\\tonetor-core-booking-system\\tonetor-core-v4.0.2\\tonetor-core-v4.0.2\\bc-cms\\vendor\\laravel\\framework\\src\\Illuminate\\Container\\BoundMethod.php(36): App\\Providers\\AppServiceProvider->boot()
#29 C:\\Users\\richm\\Downloads\\tonetor-core-booking-system\\tonetor-core-v4.0.2\\tonetor-core-v4.0.2\\bc-cms\\vendor\\laravel\\framework\\src\\Illuminate\\Container\\Util.php(43): Illuminate\\Container\\BoundMethod::{closure:Illuminate\\Container\\BoundMethod::call():35}()
#30 C:\\Users\\richm\\Downloads\\tonetor-core-booking-system\\tonetor-core-v4.0.2\\tonetor-core-v4.0.2\\bc-cms\\vendor\\laravel\\framework\\src\\Illuminate\\Container\\BoundMethod.php(96): Illuminate\\Container\\Util::unwrapIfClosure()
#31 C:\\Users\\richm\\Downloads\\tonetor-core-booking-system\\tonetor-core-v4.0.2\\tonetor-core-v4.0.2\\bc-cms\\vendor\\laravel\\framework\\src\\Illuminate\\Container\\BoundMethod.php(35): Illuminate\\Container\\BoundMethod::callBoundMethod()
#32 C:\\Users\\richm\\Downloads\\tonetor-core-booking-system\\tonetor-core-v4.0.2\\tonetor-core-v4.0.2\\bc-cms\\vendor\\laravel\\framework\\src\\Illuminate\\Container\\Container.php(835): Illuminate\\Container\\BoundMethod::call()
#33 C:\\Users\\richm\\Downloads\\tonetor-core-booking-system\\tonetor-core-v4.0.2\\tonetor-core-v4.0.2\\bc-cms\\vendor\\laravel\\framework\\src\\Illuminate\\Foundation\\Application.php(1150): Illuminate\\Container\\Container->call()
#34 C:\\Users\\richm\\Downloads\\tonetor-core-booking-system\\tonetor-core-v4.0.2\\tonetor-core-v4.0.2\\bc-cms\\vendor\\laravel\\framework\\src\\Illuminate\\Foundation\\Application.php(1131): Illuminate\\Foundation\\Application->bootProvider()
#35 [internal function]: Illuminate\\Foundation\\Application->{closure:Illuminate\\Foundation\\Application::boot():1130}()
#36 C:\\Users\\richm\\Downloads\\tonetor-core-booking-system\\tonetor-core-v4.0.2\\tonetor-core-v4.0.2\\bc-cms\\vendor\\laravel\\framework\\src\\Illuminate\\Foundation\\Application.php(1130): array_walk()
#37 C:\\Users\\richm\\Downloads\\tonetor-core-booking-system\\tonetor-core-v4.0.2\\tonetor-core-v4.0.2\\bc-cms\\vendor\\laravel\\framework\\src\\Illuminate\\Foundation\\Bootstrap\\BootProviders.php(17): Illuminate\\Foundation\\Application->boot()
#38 C:\\Users\\richm\\Downloads\\tonetor-core-booking-system\\tonetor-core-v4.0.2\\tonetor-core-v4.0.2\\bc-cms\\vendor\\laravel\\framework\\src\\Illuminate\\Foundation\\Application.php(341): Illuminate\\Foundation\\Bootstrap\\BootProviders->bootstrap()
#39 C:\\Users\\richm\\Downloads\\tonetor-core-booking-system\\tonetor-core-v4.0.2\\tonetor-core-v4.0.2\\bc-cms\\vendor\\laravel\\framework\\src\\Illuminate\\Foundation\\Console\\Kernel.php(473): Illuminate\\Foundation\\Application->bootstrapWith()
#40 C:\\Users\\richm\\Downloads\\tonetor-core-booking-system\\tonetor-core-v4.0.2\\tonetor-core-v4.0.2\\bc-cms\\vendor\\laravel\\framework\\src\\Illuminate\\Foundation\\Console\\Kernel.php(195): Illuminate\\Foundation\\Console\\Kernel->bootstrap()
#41 C:\\Users\\richm\\Downloads\\tonetor-core-booking-system\\tonetor-core-v4.0.2\\tonetor-core-v4.0.2\\bc-cms\\vendor\\laravel\\framework\\src\\Illuminate\\Foundation\\Application.php(1234): Illuminate\\Foundation\\Console\\Kernel->handle()
#42 C:\\Users\\richm\\Downloads\\tonetor-core-booking-system\\tonetor-core-v4.0.2\\tonetor-core-v4.0.2\\bc-cms\\artisan(19): Illuminate\\Foundation\\Application->handleCommand()
#43 {main}
"} 
[2026-02-28 16:37:39] production.ERROR: could not find driver (Connection: mysql, SQL: select exists (select 1 from information_schema.tables where table_schema = schema() and table_name = 'migrations' and table_type in ('BASE TABLE', 'SYSTEM VERSIONED')) as `exists`) {"exception":"[object] (Illuminate\\Database\\QueryException(code: 0): could not find driver (Connection: mysql, SQL: select exists (select 1 from information_schema.tables where table_schema = schema() and table_name = 'migrations' and table_type in ('BASE TABLE', 'SYSTEM VERSIONED')) as `exists`) at C:\\Users\\richm\\Downloads\\tonetor-core-booking-system\\tonetor-core-v4.0.2\\tonetor-core-v4.0.2\\bc-cms\\vendor\\laravel\\framework\\src\\Illuminate\\Database\\Connection.php:824)
[stacktrace]
#0 C:\\Users\\richm\\Downloads\\tonetor-core-booking-system\\tonetor-core-v4.0.2\\tonetor-core-v4.0.2\\bc-cms\\vendor\\laravel\\framework\\src\\Illuminate\\Database\\Connection.php(778): Illuminate\\Database\\Connection->runQueryCallback()
#1 C:\\Users\\richm\\Downloads\\tonetor-core-booking-system\\tonetor-core-v4.0.2\\tonetor-core-v4.0.2\\bc-cms\\vendor\\laravel\\framework\\src\\Illuminate\\Database\\Connection.php(397): Illuminate\\Database\\Connection->run()
#2 C:\\Users\\richm\\Downloads\\tonetor-core-booking-system\\tonetor-core-v4.0.2\\tonetor-core-v4.0.2\\bc-cms\\vendor\\laravel\\framework\\src\\Illuminate\\Database\\Connection.php(343): Illuminate\\Database\\Connection->select()
#3 C:\\Users\\richm\\Downloads\\tonetor-core-booking-system\\tonetor-core-v4.0.2\\tonetor-core-v4.0.2\\bc-cms\\vendor\\laravel\\framework\\src\\Illuminate\\Database\\Connection.php(360): Illuminate\\Database\\Connection->selectOne()
#4 C:\\Users\\richm\\Downloads\\tonetor-core-booking-system\\tonetor-core-v4.0.2\\tonetor-core-v4.0.2\\bc-cms\\vendor\\laravel\\framework\\src\\Illuminate\\Database\\Schema\\Builder.php(174): Illuminate\\Database\\Connection->scalar()
#5 C:\\Users\\richm\\Downloads\\tonetor-core-booking-system\\tonetor-core-v4.0.2\\tonetor-core-v4.0.2\\bc-cms\\vendor\\laravel\\framework\\src\\Illuminate\\Database\\Migrations\\DatabaseMigrationRepository.php(185): Illuminate\\Database\\Schema\\Builder->hasTable()
#6 C:\\Users\\richm\\Downloads\\tonetor-core-booking-system\\tonetor-core-v4.0.2\\tonetor-core-v4.0.2\\bc-cms\\vendor\\laravel\\framework\\src\\Illuminate\\Database\\Migrations\\Migrator.php(753): Illuminate\\Database\\Migrations\\DatabaseMigrationRepository->repositoryExists()
#7 C:\\Users\\richm\\Downloads\\tonetor-core-booking-system\\tonetor-core-v4.0.2\\tonetor-core-v4.0.2\\bc-cms\\vendor\\laravel\\framework\\src\\Illuminate\\Database\\Console\\Migrations\\MigrateCommand.php(164): Illuminate\\Database\\Migrations\\Migrator->repositoryExists()
#8 C:\\Users\\richm\\Downloads\\tonetor-core-booking-system\\tonetor-core-v4.0.2\\tonetor-core-v4.0.2\\bc-cms\\vendor\\laravel\\framework\\src\\Illuminate\\Support\\helpers.php(338): Illuminate\\Database\\Console\\Migrations\\MigrateCommand->{closure:Illuminate\\Database\\Console\\Migrations\\MigrateCommand::repositoryExists():164}()
#9 C:\\Users\\richm\\Downloads\\tonetor-core-booking-system\\tonetor-core-v4.0.2\\tonetor-core-v4.0.2\\bc-cms\\vendor\\laravel\\framework\\src\\Illuminate\\Database\\Console\\Migrations\\MigrateCommand.php(164): retry()
#10 C:\\Users\\richm\\Downloads\\tonetor-core-booking-system\\tonetor-core-v4.0.2\\tonetor-core-v4.0.2\\bc-cms\\vendor\\laravel\\framework\\src\\Illuminate\\Database\\Console\\Migrations\\MigrateCommand.php(140): Illuminate\\Database\\Console\\Migrations\\MigrateCommand->repositoryExists()
#11 C:\\Users\\richm\\Downloads\\tonetor-core-booking-system\\tonetor-core-v4.0.2\\tonetor-core-v4.0.2\\bc-cms\\vendor\\laravel\\framework\\src\\Illuminate\\Database\\Console\\Migrations\\MigrateCommand.php(110): Illuminate\\Database\\Console\\Migrations\\MigrateCommand->prepareDatabase()
#12 C:\\Users\\richm\\Downloads\\tonetor-core-booking-system\\tonetor-core-v4.0.2\\tonetor-core-v4.0.2\\bc-cms\\vendor\\laravel\\framework\\src\\Illuminate\\Database\\Migrations\\Migrator.php(666): Illuminate\\Database\\Console\\Migrations\\MigrateCommand->{closure:Illuminate\\Database\\Console\\Migrations\\MigrateCommand::runMigrations():109}()
#13 C:\\Users\\richm\\Downloads\\tonetor-core-booking-system\\tonetor-core-v4.0.2\\tonetor-core-v4.0.2\\bc-cms\\vendor\\laravel\\framework\\src\\Illuminate\\Database\\Console\\Migrations\\MigrateCommand.php(109): Illuminate\\Database\\Migrations\\Migrator->usingConnection()
#14 C:\\Users\\richm\\Downloads\\tonetor-core-booking-system\\tonetor-core-v4.0.2\\tonetor-core-v4.0.2\\bc-cms\\vendor\\laravel\\framework\\src\\Illuminate\\Database\\Console\\Migrations\\MigrateCommand.php(88): Illuminate\\Database\\Console\\Migrations\\MigrateCommand->runMigrations()
#15 C:\\Users\\richm\\Downloads\\tonetor-core-booking-system\\tonetor-core-v4.0.2\\tonetor-core-v4.0.2\\bc-cms\\vendor\\laravel\\framework\\src\\Illuminate\\Container\\BoundMethod.php(36): Illuminate\\Database\\Console\\Migrations\\MigrateCommand->handle()
#16 C:\\Users\\richm\\Downloads\\tonetor-core-booking-system\\tonetor-core-v4.0.2\\tonetor-core-v4.0.2\\bc-cms\\vendor\\laravel\\framework\\src\\Illuminate\\Container\\Util.php(43): Illuminate\\Container\\BoundMethod::{closure:Illuminate\\Container\\BoundMethod::call():35}()
#17 C:\\Users\\richm\\Downloads\\tonetor-core-booking-system\\tonetor-core-v4.0.2\\tonetor-core-v4.0.2\\bc-cms\\vendor\\laravel\\framework\\src\\Illuminate\\Container\\BoundMethod.php(96): Illuminate\\Container\\Util::unwrapIfClosure()
#18 C:\\Users\\richm\\Downloads\\tonetor-core-booking-system\\tonetor-core-v4.0.2\\tonetor-core-v4.0.2\\bc-cms\\vendor\\laravel\\framework\\src\\Illuminate\\Container\\BoundMethod.php(35): Illuminate\\Container\\BoundMethod::callBoundMethod()
#19 C:\\Users\\richm\\Downloads\\tonetor-core-booking-system\\tonetor-core-v4.0.2\\tonetor-core-v4.0.2\\bc-cms\\vendor\\laravel\\framework\\src\\Illuminate\\Container\\Container.php(835): Illuminate\\Container\\BoundMethod::call()
#20 C:\\Users\\richm\\Downloads\\tonetor-core-booking-system\\tonetor-core-v4.0.2\\tonetor-core-v4.0.2\\bc-cms\\vendor\\laravel\\framework\\src\\Illuminate\\Console\\Command.php(211): Illuminate\\Container\\Container->call()
#21 C:\\Users\\richm\\Downloads\\tonetor-core-booking-system\\tonetor-core-v4.0.2\\tonetor-core-v4.0.2\\bc-cms\\vendor\\symfony\\console\\Command\\Command.php(318): Illuminate\\Console\\Command->execute()
#22 C:\\Users\\richm\\Downloads\\tonetor-core-booking-system\\tonetor-core-v4.0.2\\tonetor-core-v4.0.2\\bc-cms\\vendor\\laravel\\framework\\src\\Illuminate\\Console\\Command.php(180): Symfony\\Component\\Console\\Command\\Command->run()
#23 C:\\Users\\richm\\Downloads\\tonetor-core-booking-system\\tonetor-core-v4.0.2\\tonetor-core-v4.0.2\\bc-cms\\vendor\\symfony\\console\\Application.php(1092): Illuminate\\Console\\Command->run()
#24 C:\\Users\\richm\\Downloads\\tonetor-core-booking-system\\tonetor-core-v4.0.2\\tonetor-core-v4.0.2\\bc-cms\\vendor\\symfony\\console\\Application.php(341): Symfony\\Component\\Console\\Application->doRunCommand()
#25 C:\\Users\\richm\\Downloads\\tonetor-core-booking-system\\tonetor-core-v4.0.2\\tonetor-core-v4.0.2\\bc-cms\\vendor\\symfony\\console\\Application.php(192): Symfony\\Component\\Console\\Application->doRun()
#26 C:\\Users\\richm\\Downloads\\tonetor-core-booking-system\\tonetor-core-v4.0.2\\tonetor-core-v4.0.2\\bc-cms\\vendor\\laravel\\framework\\src\\Illuminate\\Foundation\\Console\\Kernel.php(197): Symfony\\Component\\Console\\Application->run()
#27 C:\\Users\\richm\\Downloads\\tonetor-core-booking-system\\tonetor-core-v4.0.2\\tonetor-core-v4.0.2\\bc-cms\\vendor\\laravel\\framework\\src\\Illuminate\\Foundation\\Application.php(1234): Illuminate\\Foundation\\Console\\Kernel->handle()
#28 C:\\Users\\richm\\Downloads\\tonetor-core-booking-system\\tonetor-core-v4.0.2\\tonetor-core-v4.0.2\\bc-cms\\artisan(19): Illuminate\\Foundation\\Application->handleCommand()
#29 {main}

[previous exception] [object] (PDOException(code: 0): could not find driver at C:\\Users\\richm\\Downloads\\tonetor-core-booking-system\\tonetor-core-v4.0.2\\tonetor-core-v4.0.2\\bc-cms\\vendor\\laravel\\framework\\src\\Illuminate\\Database\\Connectors\\Connector.php:67)
[stacktrace]
#0 C:\\Users\\richm\\Downloads\\tonetor-core-booking-system\\tonetor-core-v4.0.2\\tonetor-core-v4.0.2\\bc-cms\\vendor\\laravel\\framework\\src\\Illuminate\\Database\\Connectors\\Connector.php(67): PDO::connect()
#1 C:\\Users\\richm\\Downloads\\tonetor-core-booking-system\\tonetor-core-v4.0.2\\tonetor-core-v4.0.2\\bc-cms\\vendor\\laravel\\framework\\src\\Illuminate\\Database\\Connectors\\Connector.php(44): Illuminate\\Database\\Connectors\\Connector->createPdoConnection()
#2 C:\\Users\\richm\\Downloads\\tonetor-core-booking-system\\tonetor-core-v4.0.2\\tonetor-core-v4.0.2\\bc-cms\\vendor\\laravel\\framework\\src\\Illuminate\\Database\\Connectors\\MySqlConnector.php(24): Illuminate\\Database\\Connectors\\Connector->createConnection()
#3 C:\\Users\\richm\\Downloads\\tonetor-core-booking-system\\tonetor-core-v4.0.2\\tonetor-core-v4.0.2\\bc-cms\\vendor\\laravel\\framework\\src\\Illuminate\\Database\\Connectors\\ConnectionFactory.php(184): Illuminate\\Database\\Connectors\\MySqlConnector->connect()
#4 [internal function]: Illuminate\\Database\\Connectors\\ConnectionFactory->{closure:Illuminate\\Database\\Connectors\\ConnectionFactory::createPdoResolverWithHosts():179}()
#5 C:\\Users\\richm\\Downloads\\tonetor-core-booking-system\\tonetor-core-v4.0.2\\tonetor-core-v4.0.2\\bc-cms\\vendor\\laravel\\framework\\src\\Illuminate\\Database\\Connection.php(1230): call_user_func()
#6 C:\\Users\\richm\\Downloads\\tonetor-core-booking-system\\tonetor-core-v4.0.2\\tonetor-core-v4.0.2\\bc-cms\\vendor\\laravel\\framework\\src\\Illuminate\\Database\\Connection.php(1266): Illuminate\\Database\\Connection->getPdo()
#7 C:\\Users\\richm\\Downloads\\tonetor-core-booking-system\\tonetor-core-v4.0.2\\tonetor-core-v4.0.2\\bc-cms\\vendor\\laravel\\framework\\src\\Illuminate\\Database\\Connection.php(511): Illuminate\\Database\\Connection->getReadPdo()
#8 C:\\Users\\richm\\Downloads\\tonetor-core-booking-system\\tonetor-core-v4.0.2\\tonetor-core-v4.0.2\\bc-cms\\vendor\\laravel\\framework\\src\\Illuminate\\Database\\Connection.php(406): Illuminate\\Database\\Connection->getPdoForSelect()
#9 C:\\Users\\richm\\Downloads\\tonetor-core-booking-system\\tonetor-core-v4.0.2\\tonetor-core-v4.0.2\\bc-cms\\vendor\\laravel\\framework\\src\\Illuminate\\Database\\Connection.php(811): Illuminate\\Database\\Connection->{closure:Illuminate\\Database\\Connection::select():397}()
#10 C:\\Users\\richm\\Downloads\\tonetor-core-booking-system\\tonetor-core-v4.0.2\\tonetor-core-v4.0.2\\bc-cms\\vendor\\laravel\\framework\\src\\Illuminate\\Database\\Connection.php(778): Illuminate\\Database\\Connection->runQueryCallback()
#11 C:\\Users\\richm\\Downloads\\tonetor-core-booking-system\\tonetor-core-v4.0.2\\tonetor-core-v4.0.2\\bc-cms\\vendor\\laravel\\framework\\src\\Illuminate\\Database\\Connection.php(397): Illuminate\\Database\\Connection->run()
#12 C:\\Users\\richm\\Downloads\\tonetor-core-booking-system\\tonetor-core-v4.0.2\\tonetor-core-v4.0.2\\bc-cms\\vendor\\laravel\\framework\\src\\Illuminate\\Database\\Connection.php(343): Illuminate\\Database\\Connection->select()
#13 C:\\Users\\richm\\Downloads\\tonetor-core-booking-system\\tonetor-core-v4.0.2\\tonetor-core-v4.0.2\\bc-cms\\vendor\\laravel\\framework\\src\\Illuminate\\Database\\Connection.php(360): Illuminate\\Database\\Connection->selectOne()
#14 C:\\Users\\richm\\Downloads\\tonetor-core-booking-system\\tonetor-core-v4.0.2\\tonetor-core-v4.0.2\\bc-cms\\vendor\\laravel\\framework\\src\\Illuminate\\Database\\Schema\\Builder.php(174): Illuminate\\Database\\Connection->scalar()
#15 C:\\Users\\richm\\Downloads\\tonetor-core-booking-system\\tonetor-core-v4.0.2\\tonetor-core-v4.0.2\\bc-cms\\vendor\\laravel\\framework\\src\\Illuminate\\Database\\Migrations\\DatabaseMigrationRepository.php(185): Illuminate\\Database\\Schema\\Builder->hasTable()
#16 C:\\Users\\richm\\Downloads\\tonetor-core-booking-system\\tonetor-core-v4.0.2\\tonetor-core-v4.0.2\\bc-cms\\vendor\\laravel\\framework\\src\\Illuminate\\Database\\Migrations\\Migrator.php(753): Illuminate\\Database\\Migrations\\DatabaseMigrationRepository->repositoryExists()
#17 C:\\Users\\richm\\Downloads\\tonetor-core-booking-system\\tonetor-core-v4.0.2\\tonetor-core-v4.0.2\\bc-cms\\vendor\\laravel\\framework\\src\\Illuminate\\Database\\Console\\Migrations\\MigrateCommand.php(164): Illuminate\\Database\\Migrations\\Migrator->repositoryExists()
#18 C:\\Users\\richm\\Downloads\\tonetor-core-booking-system\\tonetor-core-v4.0.2\\tonetor-core-v4.0.2\\bc-cms\\vendor\\laravel\\framework\\src\\Illuminate\\Support\\helpers.php(338): Illuminate\\Database\\Console\\Migrations\\MigrateCommand->{closure:Illuminate\\Database\\Console\\Migrations\\MigrateCommand::repositoryExists():164}()
#19 C:\\Users\\richm\\Downloads\\tonetor-core-booking-system\\tonetor-core-v4.0.2\\tonetor-core-v4.0.2\\bc-cms\\vendor\\laravel\\framework\\src\\Illuminate\\Database\\Console\\Migrations\\MigrateCommand.php(164): retry()
#20 C:\\Users\\richm\\Downloads\\tonetor-core-booking-system\\tonetor-core-v4.0.2\\tonetor-core-v4.0.2\\bc-cms\\vendor\\laravel\\framework\\src\\Illuminate\\Database\\Console\\Migrations\\MigrateCommand.php(140): Illuminate\\Database\\Console\\Migrations\\MigrateCommand->repositoryExists()
#21 C:\\Users\\richm\\Downloads\\tonetor-core-booking-system\\tonetor-core-v4.0.2\\tonetor-core-v4.0.2\\bc-cms\\vendor\\laravel\\framework\\src\\Illuminate\\Database\\Console\\Migrations\\MigrateCommand.php(110): Illuminate\\Database\\Console\\Migrations\\MigrateCommand->prepareDatabase()
#22 C:\\Users\\richm\\Downloads\\tonetor-core-booking-system\\tonetor-core-v4.0.2\\tonetor-core-v4.0.2\\bc-cms\\vendor\\laravel\\framework\\src\\Illuminate\\Database\\Migrations\\Migrator.php(666): Illuminate\\Database\\Console\\Migrations\\MigrateCommand->{closure:Illuminate\\Database\\Console\\Migrations\\MigrateCommand::runMigrations():109}()
#23 C:\\Users\\richm\\Downloads\\tonetor-core-booking-system\\tonetor-core-v4.0.2\\tonetor-core-v4.0.2\\bc-cms\\vendor\\laravel\\framework\\src\\Illuminate\\Database\\Console\\Migrations\\MigrateCommand.php(109): Illuminate\\Database\\Migrations\\Migrator->usingConnection()
#24 C:\\Users\\richm\\Downloads\\tonetor-core-booking-system\\tonetor-core-v4.0.2\\tonetor-core-v4.0.2\\bc-cms\\vendor\\laravel\\framework\\src\\Illuminate\\Database\\Console\\Migrations\\MigrateCommand.php(88): Illuminate\\Database\\Console\\Migrations\\MigrateCommand->runMigrations()
#25 C:\\Users\\richm\\Downloads\\tonetor-core-booking-system\\tonetor-core-v4.0.2\\tonetor-core-v4.0.2\\bc-cms\\vendor\\laravel\\framework\\src\\Illuminate\\Container\\BoundMethod.php(36): Illuminate\\Database\\Console\\Migrations\\MigrateCommand->handle()
#26 C:\\Users\\richm\\Downloads\\tonetor-core-booking-system\\tonetor-core-v4.0.2\\tonetor-core-v4.0.2\\bc-cms\\vendor\\laravel\\framework\\src\\Illuminate\\Container\\Util.php(43): Illuminate\\Container\\BoundMethod::{closure:Illuminate\\Container\\BoundMethod::call():35}()
#27 C:\\Users\\richm\\Downloads\\tonetor-core-booking-system\\tonetor-core-v4.0.2\\tonetor-core-v4.0.2\\bc-cms\\vendor\\laravel\\framework\\src\\Illuminate\\Container\\BoundMethod.php(96): Illuminate\\Container\\Util::unwrapIfClosure()
#28 C:\\Users\\richm\\Downloads\\tonetor-core-booking-system\\tonetor-core-v4.0.2\\tonetor-core-v4.0.2\\bc-cms\\vendor\\laravel\\framework\\src\\Illuminate\\Container\\BoundMethod.php(35): Illuminate\\Container\\BoundMethod::callBoundMethod()
#29 C:\\Users\\richm\\Downloads\\tonetor-core-booking-system\\tonetor-core-v4.0.2\\tonetor-core-v4.0.2\\bc-cms\\vendor\\laravel\\framework\\src\\Illuminate\\Container\\Container.php(835): Illuminate\\Container\\BoundMethod::call()
#30 C:\\Users\\richm\\Downloads\\tonetor-core-booking-system\\tonetor-core-v4.0.2\\tonetor-core-v4.0.2\\bc-cms\\vendor\\laravel\\framework\\src\\Illuminate\\Console\\Command.php(211): Illuminate\\Container\\Container->call()
#31 C:\\Users\\richm\\Downloads\\tonetor-core-booking-system\\tonetor-core-v4.0.2\\tonetor-core-v4.0.2\\bc-cms\\vendor\\symfony\\console\\Command\\Command.php(318): Illuminate\\Console\\Command->execute()
#32 C:\\Users\\richm\\Downloads\\tonetor-core-booking-system\\tonetor-core-v4.0.2\\tonetor-core-v4.0.2\\bc-cms\\vendor\\laravel\\framework\\src\\Illuminate\\Console\\Command.php(180): Symfony\\Component\\Console\\Command\\Command->run()
#33 C:\\Users\\richm\\Downloads\\tonetor-core-booking-system\\tonetor-core-v4.0.2\\tonetor-core-v4.0.2\\bc-cms\\vendor\\symfony\\console\\Application.php(1092): Illuminate\\Console\\Command->run()
#34 C:\\Users\\richm\\Downloads\\tonetor-core-booking-system\\tonetor-core-v4.0.2\\tonetor-core-v4.0.2\\bc-cms\\vendor\\symfony\\console\\Application.php(341): Symfony\\Component\\Console\\Application->doRunCommand()
#35 C:\\Users\\richm\\Downloads\\tonetor-core-booking-system\\tonetor-core-v4.0.2\\tonetor-core-v4.0.2\\bc-cms\\vendor\\symfony\\console\\Application.php(192): Symfony\\Component\\Console\\Application->doRun()
#36 C:\\Users\\richm\\Downloads\\tonetor-core-booking-system\\tonetor-core-v4.0.2\\tonetor-core-v4.0.2\\bc-cms\\vendor\\laravel\\framework\\src\\Illuminate\\Foundation\\Console\\Kernel.php(197): Symfony\\Component\\Console\\Application->run()
#37 C:\\Users\\richm\\Downloads\\tonetor-core-booking-system\\tonetor-core-v4.0.2\\tonetor-core-v4.0.2\\bc-cms\\vendor\\laravel\\framework\\src\\Illuminate\\Foundation\\Application.php(1234): Illuminate\\Foundation\\Console\\Kernel->handle()
#38 C:\\Users\\richm\\Downloads\\tonetor-core-booking-system\\tonetor-core-v4.0.2\\tonetor-core-v4.0.2\\bc-cms\\artisan(19): Illuminate\\Foundation\\Application->handleCommand()
#39 {main}
"} 
[2026-02-28 16:46:22] production.ERROR: Maximum execution time of 30 seconds exceeded {"exception":"[object] (Symfony\\Component\\ErrorHandler\\Error\\FatalError(code: 0): Maximum execution time of 30 seconds exceeded at C:\\Users\\richm\\Downloads\\tonetor-core-booking-system\\tonetor-core-v4.0.2\\tonetor-core-v4.0.2\\bc-cms\\vendor\\nesbot\\carbon\\src\\Carbon\\Traits\\Date.php:953)
[stacktrace]
#0 {main}
"} 
